(("floors" > 5) AND s_within("geometry", BBOX(-118, 33.8, -117.9, 34)))
