category NOT IN (1,2,3,4) 
(NOT (category IN (1, 2, 3, 4)))
{"op":"not","args":[{"op":"in","args":[{"property":"category"},[1.0,2.0,3.0,4.0]]}]}
