geometry IS NOT NULL 
(NOT (geometry IS NULL))
{"op":"not","args":[{"op":"isNull","args":[{"property":"geometry"}]}]}
