depth BETWEEN 100.0 and 150.0 
(depth BETWEEN 100 AND 150)
{"op":"between","args":[{"property":"depth"},100.0,150.0]}
