{"op":"like","args":[{"property":"name"},"Smith%"]}
(name LIKE 'Smith%')
{"op":"like","args":[{"property":"name"},"Smith%"]}
