{"op":"s_within","args":[{"property":"road"},{"op":"Buffer","args":[{"property":"geometry"},10,"m"]}]}
s_within(road, "Buffer"(geometry, 10, 'm'))
{"op":"s_within","args":[{"property":"road"},{"op":"Buffer","args":[{"property":"geometry"},10.0,"m"]}]}
