{"op":"avg","args":[{"property":"windSpeed"}]}
avg("windSpeed")
{"op":"avg","args":[{"property":"windSpeed"}]}
