ACCENTI(etat_vol) = ACCENTI('débárquér') 
(accenti(etat_vol) = accenti('débárquér'))
{"op":"=","args":[{"op":"accenti","args":[{"property":"etat_vol"}]},{"op":"accenti","args":["débárquér"]}]}
