swimming_pool = true 
(swimming_pool = true)
{"op":"=","args":[{"property":"swimming_pool"},true]}
