T_AFTER("updated_at", DATE('2010-02-10')) 
t_after(updated_at, DATE('2010-02-10'))
{"op":"t_after","args":[{"property":"updated_at"},{"date":"2010-02-10"}]}
