T_FINISHEDBY(INTERVAL(starts_at, ends_at), INTERVAL('1991-10-07T08:21:06.393262Z', '2010-02-10T05:29:20.073225Z')) 
t_finishedby(INTERVAL(starts_at,ends_at), INTERVAL('1991-10-07T08:21:06.393262Z','2010-02-10T05:29:20.073225Z'))
{"op":"t_finishedby","args":[{"interval":[{"property":"starts_at"},{"property":"ends_at"}]},{"interval":["1991-10-07T08:21:06.393262Z","2010-02-10T05:29:20.073225Z"]}]}
