floors>5 AND S_WITHIN(geometry,BBOX(-118,33.8,-117.9,34)) 
((floors > 5) AND s_within(geometry, bbox(-1 * 118, 33.8, -1 * 117.9, 34)))
{"op":"and","args":[{"op":">","args":[{"property":"floors"},5.0]},{"op":"s_within","args":[{"property":"geometry"},{"op":"bbox","args":[{"op":"*","args":[-1.0,118.0]},33.8,{"op":"*","args":[-1.0,117.9]},34.0]}]}]}
