{"op":"s_overlaps","args":[{"property":"geometry"},{"bbox":[-179.912109,1.9,180.0,16.897016]}]}
s_overlaps(geometry, BBOX(-179.912109, 1.9, 180, 16.897016))
{"op":"s_overlaps","args":[{"property":"geometry"},{"bbox":[-179.912109,1.9,180.0,16.897016]}]}
