"name" LIKE 'foo%' 
(name LIKE 'foo%')
{"op":"like","args":[{"property":"name"},"foo%"]}
