{"op":"t_equals","args":[{"property":"updated_at"},{"date":"1851-04-29"}]}
t_equals(updated_at, DATE('1851-04-29'))
{"op":"t_equals","args":[{"property":"updated_at"},{"date":"1851-04-29"}]}
