S_OVERLAPS("geometry", BBOX(-179.912109, 1.9, 180.0, 16.897016)) 
s_overlaps(geometry, bbox(-1 * 179.912109, 1.9, 180, 16.897016))
{"op":"s_overlaps","args":[{"property":"geometry"},{"op":"bbox","args":[{"op":"*","args":[-1.0,179.912109]},1.9,180.0,16.897016]}]}
