T_FINISHES(INTERVAL(starts_at, ends_at), INTERVAL('1991-10-07', '2010-02-10T05:29:20.073225Z')) 
t_finishes(INTERVAL(starts_at,ends_at), INTERVAL('1991-10-07','2010-02-10T05:29:20.073225Z'))
{"op":"t_finishes","args":[{"interval":[{"property":"starts_at"},{"property":"ends_at"}]},{"interval":["1991-10-07","2010-02-10T05:29:20.073225Z"]}]}
