"value" IS NULL 
(value IS NULL)
{"op":"isNull","args":[{"property":"value"}]}
