T_BEFORE("updated_at", TIMESTAMP('2012-08-10T05:30:00.000000Z')) 
t_before(updated_at, TIMESTAMP('2012-08-10T05:30:00.000000Z'))
{"op":"t_before","args":[{"property":"updated_at"},{"timestamp":"2012-08-10T05:30:00.000000Z"}]}
