{"op":"like","args":[{"property":"owner"},"%Jones%"]}
(owner LIKE '%Jones%')
{"op":"like","args":[{"property":"owner"},"%Jones%"]}
