{"op":"not","args":[{"op":"in","args":[{"property":"category"},[1.0,2.0,3.0,4.0]]}]}
