{"op":"between","args":[{"property":"value"},10.0,20.0]}
