s_overlaps("geometry", bbox((-1 * 179.912109), 1.9, 180, 16.897016))
