in(casei("road_class"), (casei('Οδος'), casei('Straße')))
