s_equals(MULTIPOINT(180 -0.5,179 -47.121701,180 -0,33.470475 -0.99999,179 -15.333062), "geometry")
