{"op":"=","args":[1.0,{"op":"div","args":[{"property":"foo"},2.0]}]}
